main.c:65:5:main	8	static
main.c:84:6:idle_task	4	static
main.c:89:6:task1_handler	8	static
main.c:99:6:task2_handler	8	static
main.c:109:6:task3_handler	8	static
main.c:119:6:task4_handler	8	static
main.c:129:6:init_systick_timer	32	static
main.c:151:29:init_scheduler_stack	0	static,ignoring_inline_asm
main.c:159:6:init_tasks_stack	24	static
main.c:201:6:enable_processor_faults	16	static
main.c:214:10:get_psp_value	4	static
main.c:219:6:save_psp_value	16	static
main.c:224:6:update_next_task	16	static
main.c:240:29:switch_sp_to_psp	0	static,ignoring_inline_asm
main.c:259:6:schedule	16	static
main.c:265:6:task_delay	16	static,ignoring_inline_asm
main.c:280:29:PendSV_Handler	0	static,ignoring_inline_asm
main.c:314:6:update_global_tick_count	4	static
main.c:319:6:unblock_task	16	static
main.c:326:6:SysTick_Handler	16	static
main.c:338:6:HardFault_Handler	8	static
main.c:345:6:MemManage_Handler	8	static
main.c:351:6:BusFault_Handler	8	static
