14:44:11 **** Incremental Build of configuration Debug for project task_scheduler ****
make -j4 all 
arm-none-eabi-gcc "../Src/main.c" -mcpu=cortex-m4 -std=gnu11 -g3 -DSTM32 -DSTM32F407G_DISC1 -DSTM32F4 -DSTM32F407VGTx -DDEBUG -c -I../Inc -O0 -ffunction-sections -fdata-sections -Wall -fstack-usage -MMD -MP -MF"Src/main.d" -MT"Src/main.o" --specs=nano.specs -mfpu=fpv4-sp-d16 -mfloat-abi=hard -mthumb -o "Src/main.o"
../Src/main.c:21:4: warning: #warning "FPU is not initialized, but the project is compiling for an FPU. Please initialize the FPU before use." [-Wcpp]
   #warning "FPU is not initialized, but the project is compiling for an FPU. Please initialize the FPU before use."
    ^~~~~~~
arm-none-eabi-gcc -o "task_scheduler.elf" @"objects.list"   -mcpu=cortex-m4 -T"Y:\course-armcortex-mx\cortexmx\task_scheduler\STM32F407VGTX_FLASH.ld" --specs=nosys.specs -Wl,-Map="task_scheduler.map" -Wl,--gc-sections -static --specs=nano.specs -mfpu=fpv4-sp-d16 -mfloat-abi=hard -mthumb -Wl,--start-group -lc -lm -Wl,--end-group
Finished building target: task_scheduler.elf
 
arm-none-eabi-objdump -h -S  task_scheduler.elf  > "task_scheduler.list"
arm-none-eabi-objcopy  -O binary  task_scheduler.elf  "task_scheduler.bin"
arm-none-eabi-size   task_scheduler.elf 
Finished building: task_scheduler.bin
   text	   data	    bss	    dec	    hex	filename
   5004	    112	   1664	   6780	   1a7c	task_scheduler.elf
 
Finished building: default.size.stdout
 
Finished building: task_scheduler.list
 
14:45:56 **** Incremental Build of configuration Debug for project task_scheduler ****
make -j4 all 
arm-none-eabi-size   task_scheduler.elf 
   text	   data	    bss	    dec	    hex	filename
   5004	    112	   1664	   6780	   1a7c	task_scheduler.elf
Finished building: default.size.stdout
 
