19:32:54 **** Incremental Build of configuration Debug for project svc_operation ****
make -j4 all 
arm-none-eabi-gcc "../Src/main.c" -mcpu=cortex-m4 -std=gnu11 -g3 -DSTM32 -DSTM32F407G_DISC1 -DSTM32F4 -DSTM32F407VGTx -DDEBUG -c -I../Inc -O0 -ffunction-sections -fdata-sections -Wall -fstack-usage -MMD -MP -MF"Src/main.d" -MT"Src/main.o" --specs=nano.specs -mfpu=fpv4-sp-d16 -mfloat-abi=hard -mthumb -o "Src/main.o"
../Src/main.c:11:4: warning: #warning "FPU is not initialized, but the project is compiling for an FPU. Please initialize the FPU before use." [-Wcpp]
   #warning "FPU is not initialized, but the project is compiling for an FPU. Please initialize the FPU before use."
    ^~~~~~~
arm-none-eabi-gcc -o "svc_operation.elf" @"objects.list"   -mcpu=cortex-m4 -T"Y:\course-armcortex-mx\cortexmx\svc_operation\STM32F407VGTX_FLASH.ld" --specs=nosys.specs -Wl,-Map="svc_operation.map" -Wl,--gc-sections -static --specs=nano.specs -mfpu=fpv4-sp-d16 -mfloat-abi=hard -mthumb -Wl,--start-group -lc -lm -Wl,--end-group
Finished building target: svc_operation.elf
 
arm-none-eabi-objdump -h -S  svc_operation.elf  > "svc_operation.list"
arm-none-eabi-objcopy  -O binary  svc_operation.elf  "svc_operation.bin"
arm-none-eabi-size   svc_operation.elf 
   text	   data	    bss	    dec	    hex	filename
   5680	    108	   1580	   7368	   1cc8	svc_operation.elf
Finished building: default.size.stdout
 
Finished building: svc_operation.bin
 
Finished building: svc_operation.list
 

19:32:57 Build Finished. 0 errors, 1 warnings. (took 2s.616ms)

